scala> class User
defined class User

scala> val u = new User
u: User = User@7a8c8dcf

scala> val isAnyRef = u.isInstanceOf[AnyRef]
isAnyRef: Boolean = true


scala> class User {
     |   val name: String = "Yubaba"
     |   def greet: String = s"Hello from $name"
     |   override def toString = s"User($name)"
     | }
defined class User

scala> val u = new User
u: User = User(Yubaba)

scala> println( u.greet )
Hello from Yubaba



scala> class User(n: String) {
     |   val name: String = n
     |   def greet: String = s"Hello from $name"
     |   override def toString = s"User($name)"
     | }
defined class User

scala> val u = new User("Zeniba")
u: User = User(Zeniba)

scala> println(u.greet)
Hello from Zeniba


scala> class User(val name: String) {
     |   def greet: String = s"Hello from $name"
     |   override def toString = s"User($name)"
     | }
defined class User

scala> val users = List(new User("Shoto"), new User("Art3mis"),
  new User("Aesch"))
users: List[User] = List(User(Shoto), User(Art3mis), User(Aesch)) 

scala> val sizes = users map (_.name.size)                        
sizes: List[Int] = List(8, 7, 5)

scala> val sorted = users sortBy (_.name)
sorted: List[User] = List(User(Aesch), User(Art3mis), User(Shoto))

scala> val third = users find (_.name contains "3")               
third: Option[User] = Some(User(Art3mis))

scala> val greet = third map (_.greet) getOrElse "hi"             
greet: String = Hello from Art3mis


scala> class A {
     |   def hi = "Hello from A"
     |   override def toString = getClass.getName
     | }
defined class A

scala> class B extends A
defined class B

scala> class C extends B { override def hi = "hi C -> " + super.hi }
defined class C

scala> val hiA = new A().hi
hiA: String = Hello from A

scala> val hiB = new B().hi
hiB: String = Hello from A

scala> val hiC = new C().hi
hiC: String = hi C -> Hello from A

scala> val a: A = new A
a: A = A

scala> val a: A = new B
a: A = B

scala> val b: B = new A
<console>:9: error: type mismatch;
 found   : A
 required: B
       val b: B = new A
                  ^

scala> val b: B = new B
b: B = B


scala> val misc = List(new C, new A, new B)
misc: List[A] = List(C, A, B)

scala> val messages = misc.map(_.hi).distinct.sorted
messages: List[String] = List(Hello from A, hi C -> Hello from A)
